---
source: crates/pctx_codegen/tests/tool.rs
expression: tool.fn_signature(true)
---
export type GetWeatherInput = {
  location: string;

  units?: "celsius" | "fahrenheit" | undefined;
};


export type GetWeatherOutput = {
  temperature: number;

  condition: string;

  humidity?: number | undefined;
};


/**
* Get the current weather for a given location
*/
export async function getWeather(input: GetWeatherInput): Promise<GetWeatherOutput>
