---
source: crates/pctx_codegen/tests/tool.rs
expression: impl_code
---
export type ListFilesOutput = {
  files: string[];
};

/**
 * List all files in the current workspace
 */
export async function listFiles(): Promise<ListFilesOutput> {
  return await invokeInternal({ name: "test_server__list_files" });
}
