---
source: crates/codegen/tests/typegen.rs
expression: "&typegen_res.types"
---
export type UnionOneOf = {
  data: string | number | UnionOneOfFooBar | UnionOneOfFizzBuzz;
};

export type UnionOneOfFooBar = {
  foo: number[];

  bar: boolean;
};

export type UnionOneOfFizzBuzz = {
  fizz: string;

  buzz?: number | undefined;
};
